[dotenv@17.2.2] injecting env (13) from backend\.env -- tip: ≡ƒôí version env with Radar: https://dotenvx.com/radar
Testing Batch Judge0 Submissions...
Submitting batch...
node.exe : Error submitting batch to Judge0 
(Self-Hosted):
At line:1 char:1
+ & "C:\Program Files\nodejs/node.exe" 
"C:\Program Files\nodejs/node_mo ...
+ ~~~~~~~~~~~~~~~~~~~~~~~~~~~~~~~~~~~~~~~~~~~~~~
~~~~~~~~~~~~~~~~~~~~~~~
    + CategoryInfo          : NotSpecified: (Er 
   ror submittin... (Self-Hosted)::String) [],  
   RemoteException
    + FullyQualifiedErrorId : NativeCommandErro 
   r
 
- Status: 422
- Data: [
  {
    "language_id": [
      "language with id 93 doesn't exist"
    ]
  },
  {
    "language_id": [
      "language with id 93 doesn't exist"
    ]
  },
  {
    "language_id": [
      "language with id 92 doesn't exist"
    ]
  }
]
Γ¥î Batch test failed:
- Message: Failed to submit batch to Judge0 
(Self-Hosted): Request failed with status code 
422
